Here are most of the messages between boot and the login prompt. I did mine without the 'quiet' flag. This log keeps the time of when individual events occured, unlike the other log. Also, i'm thinking my log has some interleaved messages, or that some of these messages/ colors didn't copy across as cleanly as I'd hoped them to. Other than than, theres a multitude of hardware initialization/info in the list, though thats expected with the Bone's more colorful hardware.Uncompressing Linux... done, booting the kernel.[    0.000000] Booting Linux on physical CPU 0x0[    0.000000] Initializing cgroup subsys cpu[    0.000000] Linux version 3.8.13 (koen@rrMBP) (gcc version 4.7.3 20130205 (prerelease) (Linaro GCC 4.7-2013.02-01) ) #1 SMP Tue Jun 18 02:11:09 EDT 2013[    0.000000] CPU: ARMv7 Processor [413fc082] revision 2 (ARMv7), cr=50c5387d[    0.000000] CPU: PIPT / VIPT nonaliasing data cache, VIPT aliasing instruction cache[    0.000000] Machine: Generic AM33XX (Flattened Device Tree), model: TI AM335x BeagleBone[    0.000000] Memory policy: ECC disabled, Data cache writeback[    0.000000] AM335X ES1.0 (neon )[    0.000000] PERCPU: Embedded 8 pages/cpu @c0af3000 s9408 r8192 d15168 u32768[    0.000000] Built 1 zonelists in Zone order, mobility grouping on.  Total pages: 129792[    0.000000] Kernel command line: console=ttyO0,115200n8 drm.debug=7 root=/dev/mmcblk0p2 ro rootfstype=ext4 rootwait[    0.000000] PID hash table entries: 2048 (order: 1, 8192 bytes)[    0.000000] Dentry cache hash table entries: 65536 (order: 6, 262144 bytes)[    0.000000] Inode-cache hash table entries: 32768 (order: 5, 131072 bytes)[    0.000000] __ex_table already sorted, skipping sort[    0.000000] allocated 1048576 bytes of page_cgroup[    0.000000] please try 'cgroup_disable=memory' option if you don't want memory cgroups[    0.000000] Memory: 511MB = 511MB total[    0.000000] Memory: 510560k/510560k available, 13728k reserved, 0K highmem[    0.000000] Virtual kernel memory layout:[    0.000000]     vector  : 0xffff0000 - 0xffff1000   (   4 kB)[    0.000000]     fixmap  : 0xfff00000 - 0xfffe0000   ( 896 kB)[    0.000000]     vmalloc : 0xe0800000 - 0xff000000   ( 488 MB)[    0.000000]     lowmem  : 0xc0000000 - 0xe0000000   ( 512 MB)[    0.000000]     pkmap   : 0xbfe00000 - 0xc0000000   (   2 MB)[    0.000000]     modules : 0xbf800000 - 0xbfe00000   (   6 MB)[    0.000000]       .text : 0xc0008000 - 0xc05d5914   (5943 kB)[    0.000000]       .init : 0xc05d6000 - 0xc06174c0   ( 262 kB)[    0.000000]       .data : 0xc0618000 - 0xc0689ca0   ( 456 kB)[    0.000000]        .bss : 0xc0689ca0 - 0xc06e36bc   ( 359 kB)[    0.000000] Hierarchical RCU implementation.[    0.000000] 	RCU restricting CPUs from NR_CPUS=4 to nr_cpu_ids=1.[    0.000000] NR_IRQS:16 nr_irqs:16 16[    0.000000] IRQ: Found an INTC at 0xfa200000 (revision 5.0) with 128 interrupts[    0.000000] Total of 128 interrupts on 1 active controller[    0.000000] OMAP clockevent source: GPTIMER1 at 24000000 Hz[    0.000000] sched_clock: 32 bits at 24MHz, resolution 41ns, wraps every 178956ms[    0.000000] OMAP clocksource: GPTIMER2 at 24000000 Hz[    0.000000] Console: colour dummy device 80x30[    0.000354] Calibrating delay loop... 545.07 BogoMIPS (lpj=531968)[    0.015424] pid_max: default: 32768 minimum: 301[    0.015655] Security Framework initialized[    0.015749] Mount-cache hash table entries: 512[    0.025820] Initializing cgroup subsys cpuacct[    0.025853] Initializing cgroup subsys memory[    0.025917] Initializing cgroup subsys blkio[    0.026054] CPU: Testing write buffer coherency: ok[    0.026586] CPU0: thread -1, cpu 0, socket -1, mpidr 0[    0.026661] Setting up static identity map for 0x80370ee0 - 0x80370f2c[    0.028065] Brought up 1 CPUs[    0.028090] SMP: Total of 1 processors activated (545.07 BogoMIPS).[    0.029380] devtmpfs: initialized[    0.094094] pinctrl core: initialized pinctrl subsystem[    0.094309] rstctl core: initialized rstctl subsystem[    0.094794] regulator-dummy: no parameters[    0.095301] NET: Registered protocol family 16[    0.096173] DMA: preallocated 256 KiB pool for atomic coherent allocations[    0.106064] pinctrl-single 44e10800.pinmux: 142 pins at pa f9e10800 size 568[    0.106829] platform 49000000.edma: alias fck already exists[    0.106860] platform 49000000.edma: alias fck already exists[    0.106888] platform 49000000.edma: alias fck already exists[    0.108260] OMAP GPIO hardware version 0.1[    0.112778] gpio-rctrl rstctl.3: loaded OK[    0.118270] hw-breakpoint: debug architecture 0x4 unsupported.[    0.120417] cpsw.0: No hwaddr in dt. Using 90:59:af:57:76:3f from efuse[    0.120451] cpsw.1: No hwaddr in dt. Using 90:59:af:57:76:41 from efuse[    0.134933] bio: create slab <bio-0> at 0[    0.146903] edma-dma-engine edma-dma-engine.0: TI EDMA DMA engine driver[    0.147356] vmmcsd_fixed: 3300 mV [    0.150237] SCSI subsystem initialized[    0.150657] usbcore: registered new interface driver usbfs[    0.150769] usbcore: registered new interface driver hub[    0.151056] usbcore: registered new device driver usb[    0.153129] omap_i2c 44e0b000.i2c: bus 0 rev0.11 at 400 kHz[    0.154620] input: tps65217_pwr_but as /devices/ocp.2/44e0b000.i2c/i2c-0/0-0024/input/input0[    0.156321] DCDC1: at 1500 mV [    0.157470] vdd_mpu: 925 <--> 1325 mV at 950 mV [    0.158639] vdd_core: 925 <--> 1150 mV at 1100 mV [    0.159738] LDO1: at 1800 mV [    0.160910] LDO2: at 3300 mV [    0.162880] LDO3: 1800 mV [    0.163990] LDO4: at 3300 mV [    0.164991] tps65217 0-0024: TPS65217 ID 0xe version 1.2[    0.165677] omap_i2c 44e0b000.i2c: unable to select pin group[    0.166452] omap_i2c 4819c000.i2c: bus 1 rev0.11 at 100 kHz[    0.168811] omap_i2c 4819c000.i2c: unable to select pin group[    0.169022] media: Linux media interface: v0.10[    0.169125] Linux video capture interface: v2.00[    0.169945] Advanced Linux Sound Architecture Driver Initialized.[    0.171188] Switching to clocksource gp_timer[    0.189291] NET: Registered protocol family 2[    0.190298] TCP established hash table entries: 4096 (order: 3, 32768 bytes)[    0.190440] TCP bind hash table entries: 4096 (order: 4, 81920 bytes)[    0.190603] TCP: Hash tables configured (established 4096 bind 4096)[    0.190694] TCP: reno registered[    0.190722] UDP hash table entries: 256 (order: 1, 12288 bytes)[    0.190768] UDP-Lite hash table entries: 256 (order: 1, 12288 bytes)[    0.191256] NET: Registered protocol family 1[    0.191842] RPC: Registered named UNIX socket transport module.[    0.191863] RPC: Registered udp transport module.[    0.191877] RPC: Registered tcp transport module.[    0.191891] RPC: Registered tcp NFSv4.1 backchannel transport module.[    0.193040] CPU PMU: probing PMU on CPU 0[    0.193070] hw perfevents: enabled with ARMv7 Cortex-A8 PMU driver, 5 counters available[    0.193522] omap2_mbox_probe: platform not supported[    0.197368] VFS: Disk quotas dquot_6.5.2[    0.197601] Dquot-cache hash table entries: 1024 (order 0, 4096 bytes)[    0.198840] NFS: Registering the id_resolver key type[    0.198930] Key type id_resolver registered[    0.198947] Key type id_legacy registered[    0.199011] jffs2: version 2.2. (NAND) (SUMMARY)  ¬© 2001-2006 Red Hat, Inc.[    0.199456] msgmni has been set to 997[    0.202295] Block layer SCSI generic (bsg) driver version 0.4 loaded (major 250)[    0.202319] io scheduler noop registered[    0.202335] io scheduler deadline registered[    0.202375] io scheduler cfq registered (default)[    0.204083] tps65217-bl tps65217-bl: no platform data provided[    0.204124] tps65217-bl: probe of tps65217-bl failed with error -22[    0.205086] Serial: 8250/16550 driver, 4 ports, IRQ sharing enabled[    0.207622] omap_uart 44e09000.serial: did not get pins for uart0 error: -19[    0.207907] 44e09000.serial: ttyO0 at MMIO 0x44e09000 (irq = 88) is a OMAP UART0[    0.900550] console [ttyO0] enabled[    0.905238] [drm] Initialized drm 1.1.0 20060810[    0.923800] brd: module loaded[    0.934085] loop: module loaded[    0.937538] at24 0-0050: 32768 byte 24c256 EEPROM, writable, 1 bytes/write[    0.944833] at24 1-0054: 32768 byte 24c256 EEPROM, writable, 1 bytes/write[    0.952133] at24 1-0055: 32768 byte 24c256 EEPROM, writable, 1 bytes/write[    0.959416] at24 1-0056: 32768 byte 24c256 EEPROM, writable, 1 bytes/write[    0.966696] at24 1-0057: 32768 byte 24c256 EEPROM, writable, 1 bytes/write[    0.981010] bone-capemgr bone_capemgr.8: Baseboard: 'A335BNLT,0A5C,2413BBBK1391'[    0.988807] bone-capemgr bone_capemgr.8: compatible-baseboard=ti,beaglebone-black[    1.026789] bone-capemgr bone_capemgr.8: slot #0: No cape found[    1.063891] bone-capemgr bone_capemgr.8: slot #1: No cape found[    1.100999] bone-capemgr bone_capemgr.8: slot #2: No cape found[    1.138108] bone-capemgr bone_capemgr.8: slot #3: No cape found[    1.144371] bone-capemgr bone_capemgr.8: slot #4: specific override[    1.150984] bone-capemgr bone_capemgr.8: bone: Using override eeprom data at slot 4[    1.159029] bone-capemgr bone_capemgr.8: slot #4: 'Bone-LT-eMMC-2G,00A0,Texas Instrument,BB-BONE-EMMC-2G'[    1.169182] bone-capemgr bone_capemgr.8: slot #5: specific override[    1.175787] bone-capemgr bone_capemgr.8: bone: Using override eeprom data at slot 5[    1.183831] bone-capemgr bone_capemgr.8: slot #5: 'Bone-Black-HDMI,00A0,Texas Instrument,BB-BONELT-HDMI'[    1.193892] bone-capemgr bone_capemgr.8: slot #6: specific override[    1.200496] bone-capemgr bone_capemgr.8: bone: Using override eeprom data at slot 6[    1.208541] bone-capemgr bone_capemgr.8: slot #6: 'Bone-Black-HDMIN,00A0,Texas Instrument,BB-BONELT-HDMIN'[    1.219143] bone-capemgr bone_capemgr.8: loader: before slot-4 BB-BONE-EMMC-2G:00A0 (prio 1)[    1.228021] bone-capemgr bone_capemgr.8: loader: check slot-4 BB-BONE-EMMC-2G:00A0 (prio 1)[    1.236908] bone-capemgr bone_capemgr.8: loader: before slot-5 BB-BONELT-HDMI:00A0 (prio 1)[    1.245683] bone-capemgr bone_capemgr.8: loader: check slot-5 BB-BONELT-HDMI:00A0 (prio 1)[    1.254393] bone-capemgr bone_capemgr.8: initialized OK.[    1.260000] bone-capemgr bone_capemgr.8: loader: before slot-6 BB-BONELT-HDMIN:00A0 (prio 2)[    1.268859] bone-capemgr bone_capemgr.8: loader: check slot-6 BB-BONELT-HDMIN:00A0 (prio 2)[    1.279602] OneNAND driver initializing[    1.285206] usbcore: registered new interface driver asix[    1.290929] bone-capemgr bone_capemgr.8: loader: after slot-4 BB-BONE-EMMC-2G:00A0 (prio 1)[    1.299807] usbcore: registered new interface driver cdc_ether[    1.305969] bone-capemgr bone_capemgr.8: loader: after slot-5 BB-BONELT-HDMI:00A0 (prio 1)[    1.314663] bone-capemgr bone_capemgr.8: loader: check slot-6 BB-BONELT-HDMIN:00A0 (prio 2)[    1.323541] usbcore: registered new interface driver smsc95xx[    1.329617] bone-capemgr bone_capemgr.8: slot #4: Requesting firmware 'cape-bone-2g-emmc1.dtbo' for board-name 'Bone-LT-eMMC-2G', version '00A0'[    1.343313] usbcore: registered new interface driver net1080[    1.349364] usbcore: registered new interface driver cdc_subset[    1.355614] bone-capemgr bone_capemgr.8: slot #4: dtbo 'cape-bone-2g-emmc1.dtbo' loaded; converting to live tree[    1.366342] bone-capemgr bone_capemgr.8: slot #5: Requesting firmware 'cape-boneblack-hdmi-00A0.dtbo' for board-name 'Bone-Black-HDMI', version '00A0'[    1.380544] usbcore: registered new interface driver zaurus[    1.386561] usbcore: registered new interface driver cdc_ncm[    1.392804] bone-capemgr bone_capemgr.8: slot #4: #2 overlays[    1.398889] bone-capemgr bone_capemgr.8: slot #5: dtbo 'cape-boneblack-hdmi-00A0.dtbo' loaded; converting to live tree[    1.410952] usbcore: registered new interface driver cdc_acm[    1.416927] cdc_acm: USB Abstract Control Model driver for USB modems and ISDN adapters[    1.425323] Initializing USB Mass Storage driver...[    1.431388] bone-capemgr bone_capemgr.8: slot #4: Applied #2 overlays.[    1.438269] bone-capemgr bone_capemgr.8: loader: done slot-4 BB-BONE-EMMC-2G:00A0 (prio 1)[    1.446982] bone-capemgr bone_capemgr.8: loader: check slot-6 BB-BONELT-HDMIN:00A0 (prio 2)[    1.456861] bone-capemgr bone_capemgr.8: slot #5: #4 overlays[    1.465076] platform 4830e000.fb: alias fck already exists[    1.471149] usbcore: registered new interface driver usb-storage[    1.477499] USB Mass Storage support registered.[    1.484124] bone-capemgr bone_capemgr.8: slot #5: Applied #4 overlays.[    1.491011] bone-capemgr bone_capemgr.8: loader: done slot-5 BB-BONELT-HDMI:00A0 (prio 1)[    1.499626] bone-capemgr bone_capemgr.8: loader: check slot-6 BB-BONELT-HDMIN:00A0 (prio 2)[    1.508594] musb-hdrc: version 6.0, ?dma?, otg (peripheral+host)[    1.514979] bone-capemgr bone_capemgr.8: loader: after slot-6 BB-BONELT-HDMIN:00A0 (prio 2)[    1.524164] musb-hdrc musb-hdrc.0.auto: pdev->id = 0[    1.529431] musb-hdrc musb-hdrc.0.auto: drivers/usb/musb/musb_dsps.c:468 dsps_musb_init: OK[    1.538502] musb-hdrc musb-hdrc.0.auto: *** mode=3[    1.543552] musb-hdrc musb-hdrc.0.auto: *** power=250[    1.548902] bone-capemgr bone_capemgr.8: slot #6: Requesting firmware 'cape-boneblack-hdmin-00A0.dtbo' for board-name 'Bone-Black-HDMIN', version '00A0'[    1.564138] musb-hdrc musb-hdrc.1.auto: pdev->id = 1[    1.569401] musb-hdrc musb-hdrc.1.auto: drivers/usb/musb/musb_dsps.c:468 dsps_musb_init: OK[    1.578394] musb-hdrc musb-hdrc.1.auto: *** mode=1[    1.583465] musb-hdrc musb-hdrc.1.auto: *** power=250[    1.588799] musb-hdrc musb-hdrc.1.auto: MUSB HDRC host driver[    1.594872] bone-capemgr bone_capemgr.8: slot #6: dtbo 'cape-boneblack-hdmin-00A0.dtbo' loaded; converting to live tree[    1.606617] musb-hdrc musb-hdrc.1.auto: new USB bus registered, assigned bus number 1[    1.615196] bone-capemgr bone_capemgr.8: slot #6: BB-BONELT-HDMIN conflict P8.45 (#5:BB-BONELT-HDMI)[    1.624811] bone-capemgr bone_capemgr.8: slot #6: Failed verification[    1.631590] bone-capemgr bone_capemgr.8: loader: failed to load slot-6 BB-BONELT-HDMIN:00A0 (prio 2)[    1.641400] usb usb1: New USB device found, idVendor=1d6b, idProduct=0002[    1.648540] usb usb1: New USB device strings: Mfr=3, Product=2, SerialNumber=1[    1.656123] usb usb1: Product: MUSB HDRC host driver[    1.661347] usb usb1: Manufacturer: Linux 3.8.13 musb-hcd[    1.667023] usb usb1: SerialNumber: musb-hdrc.1.auto[    1.673643] hub 1-0:1.0: USB hub found[    1.677663] hub 1-0:1.0: 1 port detected[    1.683258] mousedev: PS/2 mouse device common for all mice[    1.691464] omap_rtc 44e3e000.rtc: rtc core: registered 44e3e000.rtc as rtc0[    1.698971] 44e3e000.rtc: already running[    1.703486] i2c /dev entries driver[    1.708907] Driver for 1-wire Dallas network protocol.[    1.715776] omap_wdt: OMAP Watchdog Timer Rev 0x01: initial timeout 60 sec[    1.723357] cpuidle: using governor ladder[    1.727688] cpuidle: using governor menu[    1.732288] omap_hsmmc mmc.4: of_parse_phandle_with_args of 'reset' failed[    1.739535] omap_hsmmc mmc.4: Failed to get rstctl; not using any[    1.745968] omap_hsmmc mmc.4: unable to select pin group[    1.751824] edma-dma-engine edma-dma-engine.0: allocated channel for 0:25[    1.759038] edma-dma-engine edma-dma-engine.0: allocated channel for 0:24[    1.766391] mmc.4 supply vmmc_aux not found, using dummy regulator[    1.773022] omap_hsmmc mmc.4: pins are not configured from the driver[    1.806417] gpio-rctrl rstctl.3: gpio_rctrl_request eMMC_RSTn[    1.812621] omap_hsmmc mmc.10: Got rstctl (gpio:#0 name eMMC_RSTn) label:eMMC_RSTn[    1.820623] gpio-rctrl rstctl.3: gpio_rctrl_deassert eMMC_RSTn[    1.827080] edma-dma-engine edma-dma-engine.0: allocated channel for 0:3[    1.834233] edma-dma-engine edma-dma-engine.0: allocated channel for 0:2[    1.841758] mmc.10 supply vmmc_aux not found, using dummy regulator[    1.848510] omap_hsmmc mmc.10: pins are not configured from the driver[    1.882724] pinctrl-single 44e10800.pinmux: pin 44e10854 already requested by 44e10800.pinmux; cannot claim for gpio-leds.7[    1.894460] pinctrl-single 44e10800.pinmux: pin-21 (gpio-leds.7) status -22[    1.901773] pinctrl-single 44e10800.pinmux: could not request pin 21 on device pinctrl-single[    1.910762] leds-gpio gpio-leds.7: pins are not configured from the driver[    1.919123] ledtrig-cpu: registered to indicate activity on CPUs[    1.925933] edma-dma-engine edma-dma-engine.0: allocated channel for 0:36[    1.933195] omap-sham 53100000.sham: hw accel on OMAP rev 4.3[    1.941685] omap-aes 53500000.aes: OMAP AES hw accel rev: 3.2[    1.948004] edma-dma-engine edma-dma-engine.0: allocated channel for 0:5[    1.955268] edma-dma-engine edma-dma-engine.0: allocated channel for 0:6[    1.963549] usbcore: registered new interface driver usbhid[    1.969483] usbhid: USB HID core driver[    1.977681] davinci_evm sound.13:  nxp-hdmi-hifi <-> 48038000.mcasp mapping ok[    1.989146] TCP: cubic registered[    1.992685] Initializing XFRM netlink socket[    1.997213] NET: Registered protocol family 17[    2.002005] NET: Registered protocol family 15[    2.006914] Key type dns_resolver registered[    2.011685] VFP support v0.3: implementor 41 architecture 3 part 30 variant c rev 3[    2.019848] ThumbEE CPU extension supported.[    2.024422] Registering SWP/SWPB emulation handler[    2.030515] registered taskstats version 1[    2.036209] slave hdmi.12: modes-blacklisted #0 -> 1920x1080@25[    2.042555] mmc1: BKOPS_EN bit is not set[    2.046816] slave hdmi.12: modes-blacklisted #1 -> 832x624@75[    2.054966] tilcdc 4830e000.fb: No power control GPIO[    2.060956] mmc1: new high speed MMC card at address 0001[    2.068726] mmcblk0: mmc1:0001 MMC02G 1.78 GiB [    2.074172] mmcblk0boot0: mmc1:0001 MMC02G partition 1 1.00 MiB[    2.080779] mmcblk0boot1: mmc1:0001 MMC02G partition 2 1.00 MiB[    2.089668]  mmcblk0: p1 p2[    2.095429]  mmcblk0boot1: unknown partition table[    2.102634]  mmcblk0boot0: unknown partition table[    2.182194] tilcdc 4830e000.fb: found TDA19988[    2.187779] [drm] Supports vblank timestamp caching Rev 1 (10.10.2010).[    2.194733] [drm] No driver support for vblank timestamp query.[    2.201399] tilcdc 4830e000.fb: No connectors reported connected with modes[    2.208837] [drm] Cannot find any crtc or sizes - going 1024x768[    2.232529] Console: switching to colour frame buffer device 128x48[    2.253749] tilcdc 4830e000.fb: fb0:  frame buffer device[    2.259427] tilcdc 4830e000.fb: registered panic notifier[    2.265120] [drm] Initialized tilcdc 1.0.0 20121205 on minor 0[    2.321726] davinci_mdio 4a101000.mdio: davinci mdio revision 1.6[    2.328150] davinci_mdio 4a101000.mdio: detected phy mask fffffffe[    2.335731] libphy: 4a101000.mdio: probed[    2.340001] davinci_mdio 4a101000.mdio: phy[0]: device 4a101000.mdio:00, driver SMSC LAN8710/LAN8720[    2.349845] Detected MACID = 90:59:af:57:76:3f[    2.354500] cpsw 4a100000.ethernet: NAPI disabled[    2.361187] omap_rtc 44e3e000.rtc: setting system clock to 2000-01-01 00:12:30 UTC (946685550)[    2.377554] ALSA device list:[    2.380704]   #0: TI BeagleBone Black[    2.415613] EXT4-fs (mmcblk0p2): mounted filesystem with ordered data mode. Opts: (null)[    2.424202] VFS: Mounted root (ext4 filesystem) readonly on device 179:2.[    2.435985] devtmpfs: mounted[    2.439398] Freeing init memory: 260K[    2.945838] systemd[1]: systemd 196 running in system mode. (+PAM -LIBWRAP -AUDIT -SELINUX +IMA +SYSVINIT -LIBCRYPTSETUP +GCRYPT +ACL +XZ; angstrom)Welcome to The √Öngstr√∂m Distribution![    3.006200] systemd[1]: Inserted module 'autofs4'[    3.013229] systemd[1]: Set hostname to <beaglebone>.[    3.293000] systemd[1]: Starting Forward Password Requests to Wall Directory Watch.[    3.301555] systemd[1]: Started Forward Password Requests to Wall Directory Watch.[    3.309647] systemd[1]: Expecting device dev-ttyO0.device...         Expecting device dev-ttyO0.device...[    3.321842] systemd[1]: Expecting device dev-ttyGS0.device...         Expecting device dev-ttyGS0.device...[    3.335489] systemd[1]: Starting Remote File Systems.[  OK  ] Reached target Remote File Systems.[    3.349126] systemd[1]: Reached target Remote File Systems.[    3.355075] systemd[1]: Starting /dev/initctl Compatibility Named Pipe.[  OK  ] Listening on /dev/initctl Compatibility Named Pipe.[    3.370623] systemd[1]: Listening on /dev/initctl Compatibility Named Pipe.[    3.378007] systemd[1]: Starting Delayed Shutdown Socket.[  OK  ] Listening on Delayed Shutdown Socket.[    3.392102] systemd[1]: Listening on Delayed Shutdown Socket.[    3.398274] systemd[1]: Starting Dispatch Password Requests to Console Directory Watch.[    3.406977] systemd[1]: Started Dispatch Password Requests to Console Directory Watch.[    3.415885] systemd[1]: Starting udev Kernel Socket.[  OK  ] Listening on udev Kernel Socket.[    3.429235] systemd[1]: Listening on udev Kernel Socket.[    3.435319] systemd[1]: Starting udev Control Socket.[  OK  ] Listening on udev Control Socket.[    3.448757] systemd[1]: Listening on udev Control Socket.[    3.454787] systemd[1]: Starting Arbitrary Executable File Formats File System Automount Point.[  OK  ] Set up automount Arbitrary Executable File Formats F...utomount Point.[    3.476121] systemd[1]: Set up automount Arbitrary Executable File Formats File System Automount Point.[    3.486080] systemd[1]: Starting Swap.[  OK  ] Reached target Swap.[    3.495622] systemd[1]: Reached target Swap.[    3.500237] systemd[1]: Starting Journal Socket.[  OK  ] Listening on Journal Socket.[    3.513206] systemd[1]: Listening on Journal Socket.[    3.518639] systemd[1]: Starting File System Check on Root Device...         Starting File System Check on Root Device...[    3.535794] systemd[1]: Starting Journal Service...         Starting Journal Service...[  OK  ] Started Journal Service.[    3.566151] systemd[1]: Started Journal Service.[    3.587847] systemd[1]: Starting Apply Kernel Variables...         Starting Apply Kernel Variables...[    3.602275] systemd[1]: Mounting POSIX Message Queue File System...         Mounting POSIX Message Queue File System...[    3.618744] systemd[1]: Started Machine ID first boot configure.[    3.650464] systemd[1]: Started Set Up Additional Binary Formats.[    3.671897] systemd[1]: Starting Load Kernel Modules...         Starting Load Kernel Modules...[    3.688389] systemd[1]: Mounting Debug File System...         Mounting Debug File System...[    3.711561] systemd[1]: Starting udev Coldplug all Devices...         Starting udev Coldplug all Devices...[    3.733149] systemd[1]: Mounted Huge Pages File System.[    3.746412] systemd[1]: Starting udev Kernel Device Manager...         Starting udev Kernel Device Manager...[  OK  [0[    3.783584] systemd[1]: Started Apply Kernel Variables.m] Started Apply Kernel Variables.[  OK  [0[    3.806545] systemd[1]: Mounted POSIX Message Queue File System.m] Mounted POSIX Message Queue File System.[  OK  [0[    3.827127] systemd[1]: Mounted Debug File System.m] Mounted Debug File System.[    3.874596] systemd-udevd[95]: starting version 196[  OK  ] Started udev Kernel Device Manager.[    3.915789] Bluetooth: Core ver 2.16[    3.935575] NET: Registered protocol family 31[    3.940320] Bluetooth: HCI device and connection manager initialized[    3.966302] Bluetooth: HCI socket layer initialized[    3.991380] Bluetooth: L2CAP socket layer initialized[    4.018233] Bluetooth: SCO socket layer initialized[    4.070482] Bluetooth: HIDP (Human Interface Emulation) ver 1.2[  OK  ] Started File System Check on Root Device.         Starting Remount Root and Kernel File Systems...[    4.127621] Bluetooth: HIDP socket layer initialized[    4.237088] NET: Registered protocol family 10[    4.284222] EXT4-fs (mmcblk0p2): re-mounted. Opts: (null)[    4.309351] NET: Registered protocol family 23[  OK  ] Started Remount Root and Kernel File Systems.[  OK  ] Reached target Local File Systems (Pre).         Mounting /tmp...         Starting Load Random Seed...[    4.374829] IrCOMM protocol (Dag Brattli)[  OK  ] Mounted /tmp.[  OK  ] Reached target Local File Systems.         Starting Recreate Volatile Files and Directories...         Starting Trigger Flushing of Journal to Persistent Storage...[  OK  ] Started Load Random Seed.[    4.488147] systemd-modules-load[91]: Inserted module 'ircomm_tty'[  OK  ] Started Trigger Flushing of Journal to Persistent Storage.[  OK  ] Started udev Coldplug all Devices.[    4.576747] Bluetooth: RFCOMM TTY layer initialized[    4.602881] Bluetooth: RFCOMM socket layer initialized[    4.608394] Bluetooth: RFCOMM ver 1.11[    4.624565] systemd-modules-load[91]: Inserted module 'rfcomm'[  OK  ] Started Recreate Volatile Files and Directories.[  OK  ] Started Load Kernel Modules.[  OK  ] Reached target System Initialization.[  OK  ] Listening on Avahi mDNS/DNS-SD Stack Activation Socket.[  OK  ] Listening on D-Bus System Message Bus Socket.         Starting Console System Startup Logging...         Starting Restore Sound Card State...[  OK  ] Listening on bonescript.socket.[  OK  ] Listening on dropbear.socket.[  OK  ] Reached target Sockets.[  OK  ] Reached target Basic System.         Starting Periodic Command Scheduler...[  OK  ] Started Periodic Command Scheduler.         Starting Connection service...         Starting Angstrom LED config...[  OK  ] Started Angstrom LED config.         Starting Start usb mass storage gadget...[  OK  ] Started Start usb mass storage gadget.         Starting Cloud9 IDE...[  OK  ] Started Cloud9 IDE.         Starting Network Time Service (one-shot ntpdate mode)...         Starting TaylorsHomework...[  OK  ] Started TaylorsHomework.         Starting GateOne daemon...[  OK  ] Started GateOne daemon.         Starting Music Player Daemon...[  OK  ] Started Music Player Daemon.         Starting Bonescript autorun...[  OK  ] Started Bonescript autorun.         Starting D-Bus System Message Bus...[  OK  ] Started D-Bus System Message Bus.         Starting Login Service...         Starting Permit User Sessions...         Starting Avahi mDNS/DNS-SD Stack...[  OK  ] Started Console System Startup Logging.[  OK  ] Started Restore Sound Card State.[    5.288169] systemd-journald[85]: Received SIGUSR1[  OK  ] Started Network Time Service (one-shot ntpdate mode).[  OK  ] Started Permit User Sessions.         Starting Getty on tty1...[  OK  ] Started Getty on tty1.         Starting Gnome Display Manager...[  OK  ] Started Gnome Display Manager.[    7.237191]  gadget: using random self ethernet address[    7.275172] usb0: MAC 9a:46:5f:9a:21:7b[    7.279257] usb0: HOST MAC 90:59:af:57:76:41[    7.332004]  gadget: Mass Storage Function, version: 2009/09/11[    7.338299]  gadget: Number of LUNs=1[    7.409700]  lun0: LUN: removable file: /dev/mmcblk0p1[    7.482143]  gadget: Multifunction Composite Gadget[  OK  ] Started Connection service.[    7.541525]  gadget: g_multi ready[  OK  ] Started Avahi mDNS/DNS-SD Stack.[    7.594410] musb-hdrc musb-hdrc.0.auto: MUSB HDRC host driver[  OK  ] Started Login Service.[    7.696964] musb-hdrc musb-hdrc.0.auto: new USB bus registered, assigned bus number 2[    7.792226] usb usb2: New USB device found, idVendor=1d6b, idProduct=0002[    7.799419] usb usb2: New USB device strings: Mfr=3, Product=2, SerialNumber=1[    7.807012] usb usb2: Product: MUSB HDRC host driver[    7.812221] usb usb2: Manufacturer: Linux 3.8.13 musb-hcd[    7.817881] usb usb2: SerialNumber: musb-hdrc.0.auto[    7.881161] hub 2-0:1.0: USB hub found[    7.921462] hub 2-0:1.0: 1 port detected[    8.063262] ip_tables: (C) 2000-2006 Netfilter Core Team[    8.146119] CAUTION: musb: Babble Interrupt Occurred[    8.277197]  gadget: high-speed config #1: Multifunction with RNDIS[  OK  ] Found device /dev/ttyO0.         Starting Serial Getty on ttyO0...[systemd-fsck[84]: Angstrom: clean, 56119/112672 files, 334380/449820 blocks[    8.622104] net eth0: initializing cpsw version 1.12 (0)         Starting WPA supplicant...[    8.720976] net eth0: phy found : id is : 0x7c0f1[    8.776879] libphy: PHY 4a101000.mdio:01 not found[    8.781943] net eth0: phy 4a101000.mdio:01 not found on slave 1[  OK  ] Started WPA supplicant.[    8.918135] IPv6: ADDRCONF(NETDEV_UP): eth0: link is not ready.---O---.                                           |       |                  .-.           o o        |   |   |-----.-----.-----.| |   .----..-----.-----.|       |     | __  |  ---'| '--.|  .-'|     |     ||   |   |  |  |     |---  ||  --'|  |  |  '  | | | |'---'---'--'--'--.  |-----''----''--'  '-----'-'-'-'                -'  |                '---'The Angstrom Distribution beaglebone ttyO0Angstrom v2012.12 - Kernel 3.8.13beaglebone login: